
> tailspin-toys@0.0.1 test:e2e
> playwright test

[WebServer] (node:30272) ExperimentalWarning: SQLite is an experimental feature and might change at any time
[WebServer] (Use `node --trace-warnings ...` to show where the warning was created)

Running 21 tests using 5 workers

  x   1 [chromium] › e2e-tests\accessibility.spec.ts:5:3 › Accessibility Tests › home page should not have accessibility violations (3ms)
  x   2 [chromium] › e2e-tests\accessibility.spec.ts:16:3 › Accessibility Tests › game details page should not have accessibility violations (5ms)
  x   5 [chromium] › e2e-tests\accessibility.spec.ts:78:3 › Accessibility Tests › keyboard navigation - should be able to navigate to game cards (3ms)
  x   3 [chromium] › e2e-tests\accessibility.spec.ts:27:3 › Accessibility Tests › about page should not have accessibility violations (3ms)
  x   4 [chromium] › e2e-tests\accessibility.spec.ts:38:3 › Accessibility Tests › keyboard navigation - should be able to navigate header menu (5ms)
  x   6 [chromium] › e2e-tests\accessibility.spec.ts:96:3 › Accessibility Tests › keyboard navigation - should be able to activate game card with Enter (6ms)
  x   7 [chromium] › e2e-tests\accessibility.spec.ts:151:3 › Accessibility Tests › ARIA labels - header menu should have proper ARIA attributes (4ms)
  x   9 [chromium] › e2e-tests\accessibility.spec.ts:191:3 › Accessibility Tests › semantic HTML - main landmarks should be present (3ms)
  x   8 [chromium] › e2e-tests\accessibility.spec.ts:129:3 › Accessibility Tests › focus indicators - should have visible focus indicators on interactive elements (4ms)
  x  10 [chromium] › e2e-tests\accessibility.spec.ts:173:3 › Accessibility Tests › color contrast - should meet WCAG AA standards (5ms)
  x  11 [chromium] › e2e-tests\accessibility.spec.ts:204:3 › Accessibility Tests › decorative SVGs should have aria-hidden attribute (4ms)
  x  12 [chromium] › e2e-tests\games.spec.ts:27:3 › Game Listing and Navigation › should navigate to correct game details page when clicking on a game (3ms)
  x  13 [chromium] › e2e-tests\games.spec.ts:4:3 › Game Listing and Navigation › should display games with titles on index page (5ms)
  x  14 [chromium] › e2e-tests\games.spec.ts:56:3 › Game Listing and Navigation › should display game details with all required information (4ms)
  x  15 [chromium] › e2e-tests\games.spec.ts:89:3 › Game Listing and Navigation › should display a button to back the game (4ms)
  x  16 [chromium] › e2e-tests\games.spec.ts:103:3 › Game Listing and Navigation › should be able to navigate back to home from game details (5ms)
  x  17 [chromium] › e2e-tests\games.spec.ts:121:3 › Game Listing and Navigation › should return a 404 page for a non-existent game (5ms)
  x  18 [chromium] › e2e-tests\home.spec.ts:8:3 › Home Page › should display the correct title (4ms)
  x  19 [chromium] › e2e-tests\home.spec.ts:13:3 › Home Page › should display the main heading (3ms)
  x  20 [chromium] › e2e-tests\home.spec.ts:18:3 › Home Page › should display the site branding in header (4ms)
  x  21 [chromium] › e2e-tests\home.spec.ts:23:3 › Home Page › should display the welcome message (3ms)


  1) [chromium] › e2e-tests\accessibility.spec.ts:5:3 › Accessibility Tests › home page should not have accessibility violations 

    Error: browserType.launch: Executable doesn't exist at C:\Users\User\AppData\Local\ms-playwright\chromium_headless_shell-1228\chrome-headless-shell-win64\chrome-headless-shell.exe
    ╔════════════════════════════════════════════════════════════╗
    ║ Looks like Playwright was just installed or updated.       ║
    ║ Please run the following command to download new browsers: ║
    ║                                                            ║
    ║     npx playwright install                                 ║
    ║                                                            ║
    ║ <3 Playwright Team                                         ║
    ╚════════════════════════════════════════════════════════════╝

    Error Context: test-results\accessibility-Accessibilit-8e312-ve-accessibility-violations-chromium\error-context.md

  2) [chromium] › e2e-tests\accessibility.spec.ts:16:3 › Accessibility Tests › game details page should not have accessibility violations 

    Error: browserType.launch: Executable doesn't exist at C:\Users\User\AppData\Local\ms-playwright\chromium_headless_shell-1228\chrome-headless-shell-win64\chrome-headless-shell.exe
    ╔════════════════════════════════════════════════════════════╗
    ║ Looks like Playwright was just installed or updated.       ║
    ║ Please run the following command to download new browsers: ║
    ║                                                            ║
    ║     npx playwright install                                 ║
    ║                                                            ║
    ║ <3 Playwright Team                                         ║
    ╚════════════════════════════════════════════════════════════╝

    Error Context: test-results\accessibility-Accessibilit-4c5d6-ve-accessibility-violations-chromium\error-context.md

  3) [chromium] › e2e-tests\accessibility.spec.ts:27:3 › Accessibility Tests › about page should not have accessibility violations 

    Error: browserType.launch: Executable doesn't exist at C:\Users\User\AppData\Local\ms-playwright\chromium_headless_shell-1228\chrome-headless-shell-win64\chrome-headless-shell.exe
    ╔════════════════════════════════════════════════════════════╗
    ║ Looks like Playwright was just installed or updated.       ║
    ║ Please run the following command to download new browsers: ║
    ║                                                            ║
    ║     npx playwright install                                 ║
    ║                                                            ║
    ║ <3 Playwright Team                                         ║
    ╚════════════════════════════════════════════════════════════╝

    Error Context: test-results\accessibility-Accessibilit-91527-ve-accessibility-violations-chromium\error-context.md

  4) [chromium] › e2e-tests\accessibility.spec.ts:38:3 › Accessibility Tests › keyboard navigation - should be able to navigate header menu 

    Error: browserType.launch: Executable doesn't exist at C:\Users\User\AppData\Local\ms-playwright\chromium_headless_shell-1228\chrome-headless-shell-win64\chrome-headless-shell.exe
    ╔════════════════════════════════════════════════════════════╗
    ║ Looks like Playwright was just installed or updated.       ║
    ║ Please run the following command to download new browsers: ║
    ║                                                            ║
    ║     npx playwright install                                 ║
    ║                                                            ║
    ║ <3 Playwright Team                                         ║
    ╚════════════════════════════════════════════════════════════╝

    Error Context: test-results\accessibility-Accessibilit-2870a-ble-to-navigate-header-menu-chromium\error-context.md

  5) [chromium] › e2e-tests\accessibility.spec.ts:78:3 › Accessibility Tests › keyboard navigation - should be able to navigate to game cards 

    Error: browserType.launch: Executable doesn't exist at C:\Users\User\AppData\Local\ms-playwright\chromium_headless_shell-1228\chrome-headless-shell-win64\chrome-headless-shell.exe
    ╔════════════════════════════════════════════════════════════╗
    ║ Looks like Playwright was just installed or updated.       ║
    ║ Please run the following command to download new browsers: ║
    ║                                                            ║
    ║     npx playwright install                                 ║
    ║                                                            ║
    ║ <3 Playwright Team                                         ║
    ╚════════════════════════════════════════════════════════════╝

    Error Context: test-results\accessibility-Accessibilit-3895a-e-to-navigate-to-game-cards-chromium\error-context.md

  6) [chromium] › e2e-tests\accessibility.spec.ts:96:3 › Accessibility Tests › keyboard navigation - should be able to activate game card with Enter 

    Error: browserType.launch: Executable doesn't exist at C:\Users\User\AppData\Local\ms-playwright\chromium_headless_shell-1228\chrome-headless-shell-win64\chrome-headless-shell.exe
    ╔════════════════════════════════════════════════════════════╗
    ║ Looks like Playwright was just installed or updated.       ║
    ║ Please run the following command to download new browsers: ║
    ║                                                            ║
    ║     npx playwright install                                 ║
    ║                                                            ║
    ║ <3 Playwright Team                                         ║
    ╚════════════════════════════════════════════════════════════╝

    Error Context: test-results\accessibility-Accessibilit-30685-tivate-game-card-with-Enter-chromium\error-context.md

  7) [chromium] › e2e-tests\accessibility.spec.ts:129:3 › Accessibility Tests › focus indicators - should have visible focus indicators on interactive elements 

    Error: browserType.launch: Executable doesn't exist at C:\Users\User\AppData\Local\ms-playwright\chromium_headless_shell-1228\chrome-headless-shell-win64\chrome-headless-shell.exe
    ╔════════════════════════════════════════════════════════════╗
    ║ Looks like Playwright was just installed or updated.       ║
    ║ Please run the following command to download new browsers: ║
    ║                                                            ║
    ║     npx playwright install                                 ║
    ║                                                            ║
    ║ <3 Playwright Team                                         ║
    ╚════════════════════════════════════════════════════════════╝

    Error Context: test-results\accessibility-Accessibilit-5623f-ors-on-interactive-elements-chromium\error-context.md

  8) [chromium] › e2e-tests\accessibility.spec.ts:151:3 › Accessibility Tests › ARIA labels - header menu should have proper ARIA attributes 

    Error: browserType.launch: Executable doesn't exist at C:\Users\User\AppData\Local\ms-playwright\chromium_headless_shell-1228\chrome-headless-shell-win64\chrome-headless-shell.exe
    ╔════════════════════════════════════════════════════════════╗
    ║ Looks like Playwright was just installed or updated.       ║
    ║ Please run the following command to download new browsers: ║
    ║                                                            ║
    ║     npx playwright install                                 ║
    ║                                                            ║
    ║ <3 Playwright Team                                         ║
    ╚════════════════════════════════════════════════════════════╝

    Error Context: test-results\accessibility-Accessibilit-58099-have-proper-ARIA-attributes-chromium\error-context.md

  9) [chromium] › e2e-tests\accessibility.spec.ts:173:3 › Accessibility Tests › color contrast - should meet WCAG AA standards 

    Error: browserType.launch: Executable doesn't exist at C:\Users\User\AppData\Local\ms-playwright\chromium_headless_shell-1228\chrome-headless-shell-win64\chrome-headless-shell.exe
    ╔════════════════════════════════════════════════════════════╗
    ║ Looks like Playwright was just installed or updated.       ║
    ║ Please run the following command to download new browsers: ║
    ║                                                            ║
    ║     npx playwright install                                 ║
    ║                                                            ║
    ║ <3 Playwright Team                                         ║
    ╚════════════════════════════════════════════════════════════╝

    Error Context: test-results\accessibility-Accessibilit-499de-ould-meet-WCAG-AA-standards-chromium\error-context.md

  10) [chromium] › e2e-tests\accessibility.spec.ts:191:3 › Accessibility Tests › semantic HTML - main landmarks should be present 

    Error: browserType.launch: Executable doesn't exist at C:\Users\User\AppData\Local\ms-playwright\chromium_headless_shell-1228\chrome-headless-shell-win64\chrome-headless-shell.exe
    ╔════════════════════════════════════════════════════════════╗
    ║ Looks like Playwright was just installed or updated.       ║
    ║ Please run the following command to download new browsers: ║
    ║                                                            ║
    ║     npx playwright install                                 ║
    ║                                                            ║
    ║ <3 Playwright Team                                         ║
    ╚════════════════════════════════════════════════════════════╝

    Error Context: test-results\accessibility-Accessibilit-8e55e-landmarks-should-be-present-chromium\error-context.md

  11) [chromium] › e2e-tests\accessibility.spec.ts:204:3 › Accessibility Tests › decorative SVGs should have aria-hidden attribute 

    Error: browserType.launch: Executable doesn't exist at C:\Users\User\AppData\Local\ms-playwright\chromium_headless_shell-1228\chrome-headless-shell-win64\chrome-headless-shell.exe
    ╔════════════════════════════════════════════════════════════╗
    ║ Looks like Playwright was just installed or updated.       ║
    ║ Please run the following command to download new browsers: ║
    ║                                                            ║
    ║     npx playwright install                                 ║
    ║                                                            ║
    ║ <3 Playwright Team                                         ║
    ╚════════════════════════════════════════════════════════════╝

    Error Context: test-results\accessibility-Accessibilit-e1e4c--have-aria-hidden-attribute-chromium\error-context.md

  12) [chromium] › e2e-tests\games.spec.ts:4:3 › Game Listing and Navigation › should display games with titles on index page 

    Error: browserType.launch: Executable doesn't exist at C:\Users\User\AppData\Local\ms-playwright\chromium_headless_shell-1228\chrome-headless-shell-win64\chrome-headless-shell.exe
    ╔════════════════════════════════════════════════════════════╗
    ║ Looks like Playwright was just installed or updated.       ║
    ║ Please run the following command to download new browsers: ║
    ║                                                            ║
    ║     npx playwright install                                 ║
    ║                                                            ║
    ║ <3 Playwright Team                                         ║
    ╚════════════════════════════════════════════════════════════╝

    Error Context: test-results\games-Game-Listing-and-Nav-d4ab3-s-with-titles-on-index-page-chromium\error-context.md

  13) [chromium] › e2e-tests\games.spec.ts:27:3 › Game Listing and Navigation › should navigate to correct game details page when clicking on a game 

    Error: browserType.launch: Executable doesn't exist at C:\Users\User\AppData\Local\ms-playwright\chromium_headless_shell-1228\chrome-headless-shell-win64\chrome-headless-shell.exe
    ╔════════════════════════════════════════════════════════════╗
    ║ Looks like Playwright was just installed or updated.       ║
    ║ Please run the following command to download new browsers: ║
    ║                                                            ║
    ║     npx playwright install                                 ║
    ║                                                            ║
    ║ <3 Playwright Team                                         ║
    ╚════════════════════════════════════════════════════════════╝

    Error Context: test-results\games-Game-Listing-and-Nav-5e8cf-age-when-clicking-on-a-game-chromium\error-context.md

  14) [chromium] › e2e-tests\games.spec.ts:56:3 › Game Listing and Navigation › should display game details with all required information 

    Error: browserType.launch: Executable doesn't exist at C:\Users\User\AppData\Local\ms-playwright\chromium_headless_shell-1228\chrome-headless-shell-win64\chrome-headless-shell.exe
    ╔════════════════════════════════════════════════════════════╗
    ║ Looks like Playwright was just installed or updated.       ║
    ║ Please run the following command to download new browsers: ║
    ║                                                            ║
    ║     npx playwright install                                 ║
    ║                                                            ║
    ║ <3 Playwright Team                                         ║
    ╚════════════════════════════════════════════════════════════╝

    Error Context: test-results\games-Game-Listing-and-Nav-49702-th-all-required-information-chromium\error-context.md

  15) [chromium] › e2e-tests\games.spec.ts:89:3 › Game Listing and Navigation › should display a button to back the game 

    Error: browserType.launch: Executable doesn't exist at C:\Users\User\AppData\Local\ms-playwright\chromium_headless_shell-1228\chrome-headless-shell-win64\chrome-headless-shell.exe
    ╔════════════════════════════════════════════════════════════╗
    ║ Looks like Playwright was just installed or updated.       ║
    ║ Please run the following command to download new browsers: ║
    ║                                                            ║
    ║     npx playwright install                                 ║
    ║                                                            ║
    ║ <3 Playwright Team                                         ║
    ╚════════════════════════════════════════════════════════════╝

    Error Context: test-results\games-Game-Listing-and-Nav-74b93-y-a-button-to-back-the-game-chromium\error-context.md

  16) [chromium] › e2e-tests\games.spec.ts:103:3 › Game Listing and Navigation › should be able to navigate back to home from game details 

    Error: browserType.launch: Executable doesn't exist at C:\Users\User\AppData\Local\ms-playwright\chromium_headless_shell-1228\chrome-headless-shell-win64\chrome-headless-shell.exe
    ╔════════════════════════════════════════════════════════════╗
    ║ Looks like Playwright was just installed or updated.       ║
    ║ Please run the following command to download new browsers: ║
    ║                                                            ║
    ║     npx playwright install                                 ║
    ║                                                            ║
    ║ <3 Playwright Team                                         ║
    ╚════════════════════════════════════════════════════════════╝

    Error Context: test-results\games-Game-Listing-and-Nav-71489-k-to-home-from-game-details-chromium\error-context.md

  17) [chromium] › e2e-tests\games.spec.ts:121:3 › Game Listing and Navigation › should return a 404 page for a non-existent game 

    Error: browserType.launch: Executable doesn't exist at C:\Users\User\AppData\Local\ms-playwright\chromium_headless_shell-1228\chrome-headless-shell-win64\chrome-headless-shell.exe
    ╔════════════════════════════════════════════════════════════╗
    ║ Looks like Playwright was just installed or updated.       ║
    ║ Please run the following command to download new browsers: ║
    ║                                                            ║
    ║     npx playwright install                                 ║
    ║                                                            ║
    ║ <3 Playwright Team                                         ║
    ╚════════════════════════════════════════════════════════════╝

    Error Context: test-results\games-Game-Listing-and-Nav-763fa-age-for-a-non-existent-game-chromium\error-context.md

  18) [chromium] › e2e-tests\home.spec.ts:8:3 › Home Page › should display the correct title ───────

    Error: browserType.launch: Executable doesn't exist at C:\Users\User\AppData\Local\ms-playwright\chromium_headless_shell-1228\chrome-headless-shell-win64\chrome-headless-shell.exe
    ╔════════════════════════════════════════════════════════════╗
    ║ Looks like Playwright was just installed or updated.       ║
    ║ Please run the following command to download new browsers: ║
    ║                                                            ║
    ║     npx playwright install                                 ║
    ║                                                            ║
    ║ <3 Playwright Team                                         ║
    ╚════════════════════════════════════════════════════════════╝

    Error Context: test-results\home-Home-Page-should-display-the-correct-title-chromium\error-context.md

  19) [chromium] › e2e-tests\home.spec.ts:13:3 › Home Page › should display the main heading ───────

    Error: browserType.launch: Executable doesn't exist at C:\Users\User\AppData\Local\ms-playwright\chromium_headless_shell-1228\chrome-headless-shell-win64\chrome-headless-shell.exe
    ╔════════════════════════════════════════════════════════════╗
    ║ Looks like Playwright was just installed or updated.       ║
    ║ Please run the following command to download new browsers: ║
    ║                                                            ║
    ║     npx playwright install                                 ║
    ║                                                            ║
    ║ <3 Playwright Team                                         ║
    ╚════════════════════════════════════════════════════════════╝

    Error Context: test-results\home-Home-Page-should-display-the-main-heading-chromium\error-context.md

  20) [chromium] › e2e-tests\home.spec.ts:18:3 › Home Page › should display the site branding in header 

    Error: browserType.launch: Executable doesn't exist at C:\Users\User\AppData\Local\ms-playwright\chromium_headless_shell-1228\chrome-headless-shell-win64\chrome-headless-shell.exe
    ╔════════════════════════════════════════════════════════════╗
    ║ Looks like Playwright was just installed or updated.       ║
    ║ Please run the following command to download new browsers: ║
    ║                                                            ║
    ║     npx playwright install                                 ║
    ║                                                            ║
    ║ <3 Playwright Team                                         ║
    ╚════════════════════════════════════════════════════════════╝

    Error Context: test-results\home-Home-Page-should-display-the-site-branding-in-header-chromium\error-context.md

  21) [chromium] › e2e-tests\home.spec.ts:23:3 › Home Page › should display the welcome message ────

    Error: browserType.launch: Executable doesn't exist at C:\Users\User\AppData\Local\ms-playwright\chromium_headless_shell-1228\chrome-headless-shell-win64\chrome-headless-shell.exe
    ╔════════════════════════════════════════════════════════════╗
    ║ Looks like Playwright was just installed or updated.       ║
    ║ Please run the following command to download new browsers: ║
    ║                                                            ║
    ║     npx playwright install                                 ║
    ║                                                            ║
    ║ <3 Playwright Team                                         ║
    ╚════════════════════════════════════════════════════════════╝

    Error Context: test-results\home-Home-Page-should-display-the-welcome-message-chromium\error-context.md

  21 failed
    [chromium] › e2e-tests\accessibility.spec.ts:5:3 › Accessibility Tests › home page should not have accessibility violations 
    [chromium] › e2e-tests\accessibility.spec.ts:16:3 › Accessibility Tests › game details page should not have accessibility violations 
    [chromium] › e2e-tests\accessibility.spec.ts:27:3 › Accessibility Tests › about page should not have accessibility violations 
    [chromium] › e2e-tests\accessibility.spec.ts:38:3 › Accessibility Tests › keyboard navigation - should be able to navigate header menu 
    [chromium] › e2e-tests\accessibility.spec.ts:78:3 › Accessibility Tests › keyboard navigation - should be able to navigate to game cards 
    [chromium] › e2e-tests\accessibility.spec.ts:96:3 › Accessibility Tests › keyboard navigation - should be able to activate game card with Enter 
    [chromium] › e2e-tests\accessibility.spec.ts:129:3 › Accessibility Tests › focus indicators - should have visible focus indicators on interactive elements 
    [chromium] › e2e-tests\accessibility.spec.ts:151:3 › Accessibility Tests › ARIA labels - header menu should have proper ARIA attributes 
    [chromium] › e2e-tests\accessibility.spec.ts:173:3 › Accessibility Tests › color contrast - should meet WCAG AA standards 
    [chromium] › e2e-tests\accessibility.spec.ts:191:3 › Accessibility Tests › semantic HTML - main landmarks should be present 
    [chromium] › e2e-tests\accessibility.spec.ts:204:3 › Accessibility Tests › decorative SVGs should have aria-hidden attribute 
    [chromium] › e2e-tests\games.spec.ts:4:3 › Game Listing and Navigation › should display games with titles on index page 
    [chromium] › e2e-tests\games.spec.ts:27:3 › Game Listing and Navigation › should navigate to correct game details page when clicking on a game 
    [chromium] › e2e-tests\games.spec.ts:56:3 › Game Listing and Navigation › should display game details with all required information 
    [chromium] › e2e-tests\games.spec.ts:89:3 › Game Listing and Navigation › should display a button to back the game 
    [chromium] › e2e-tests\games.spec.ts:103:3 › Game Listing and Navigation › should be able to navigate back to home from game details 
    [chromium] › e2e-tests\games.spec.ts:121:3 › Game Listing and Navigation › should return a 404 page for a non-existent game 
    [chromium] › e2e-tests\home.spec.ts:8:3 › Home Page › should display the correct title ─────────
    [chromium] › e2e-tests\home.spec.ts:13:3 › Home Page › should display the main heading ─────────
    [chromium] › e2e-tests\home.spec.ts:18:3 › Home Page › should display the site branding in header 
    [chromium] › e2e-tests\home.spec.ts:23:3 › Home Page › should display the welcome message ──────
